C:/analog/cfs/1.0.0/SDK/MAX/Libraries/MiscDrivers/PushButton/pb.c:28:5:PB_Init	24	static
C:/analog/cfs/1.0.0/SDK/MAX/Libraries/MiscDrivers/PushButton/pb.c:44:5:PB_RegisterCallback	24	static
C:/analog/cfs/1.0.0/SDK/MAX/Libraries/MiscDrivers/PushButton/pb.c:68:5:PB_RegisterCallbackRiseFall	24	static
C:/analog/cfs/1.0.0/SDK/MAX/Libraries/MiscDrivers/PushButton/pb.c:92:6:PB_IntEnable	8	static
C:/analog/cfs/1.0.0/SDK/MAX/Libraries/MiscDrivers/PushButton/pb.c:99:6:PB_IntDisable	8	static
C:/analog/cfs/1.0.0/SDK/MAX/Libraries/MiscDrivers/PushButton/pb.c:106:6:PB_IntClear	8	static
C:/analog/cfs/1.0.0/SDK/MAX/Libraries/MiscDrivers/PushButton/pb.c:113:5:PB_Get	8	static
C:/analog/cfs/1.0.0/SDK/MAX/Libraries/MiscDrivers/PushButton/pb.c:120:5:PB_IsPressedAny	24	static
